---
source: crates/goat_linter/src/tester.rs
---

  ⚠ goat(sort-object-types): TypeScript object type members should be sorted alphabetically.
   ╭─[sort_object_types.ts:1:15]
 1 │ type User = { name: string; age: number; email: string };
   ·               ─────────────
   ╰────

  ⚠ goat(sort-object-types): TypeScript object type members should be sorted alphabetically.
   ╭─[sort_object_types.ts:1:14]
 1 │ type Obj = { z: number; a: string };
   ·              ──────────
   ╰────
