---
source: crates/goat_linter/src/tester.rs
---

  ⚠ goat(sort-enums): Enum members should be sorted alphabetically.
   ╭─[sort_enums.ts:1:14]
 1 │ enum Color { Red, Green, Blue }
   ·              ───
   ╰────

  ⚠ goat(sort-enums): Enum members should be sorted alphabetically.
   ╭─[sort_enums.ts:1:15]
 1 │ enum Status { Pending, Active, Inactive }
   ·               ───────
   ╰────
