---
source: crates/goat_linter/src/tester.rs
---

  ⚠ goat(json-no-comments): Comments are not allowed in JSON
   ╭─[json_no_comments.json:2:1]
 1 │ {
 2 │ // comment
   · ──────────
 3 │ "a": 1
   ╰────
  help: Remove the comment. Standard JSON (RFC 8259) does not support comments. Use JSONC if you need comments.

  ⚠ goat(json-no-comments): Comments are not allowed in JSON
   ╭─[json_no_comments.json:2:1]
 1 │ {
 2 │ /* block */
   · ───────────
 3 │ "a": 1
   ╰────
  help: Remove the comment. Standard JSON (RFC 8259) does not support comments. Use JSONC if you need comments.
