---
source: crates/goat_linter/src/tester.rs
---

  ⚠ goat(folder-naming-convention): Folder `core_utils` does not match the configured naming convention.
   ╭─[folder_naming_convention.tsx:1:1]
   ╰────
  help: Rename the folder so matched path segments follow the case style `KEBAB_CASE`.

  ⚠ goat(folder-naming-convention): Folder `FeatureFlags` does not match the configured naming convention.
   ╭─[folder_naming_convention.tsx:1:1]
   ╰────
  help: Rename the folder so matched path segments follow the case style `KEBAB_CASE`.

  ⚠ goat(folder-naming-convention): Folder `BadFolder` does not match the configured naming convention.
   ╭─[folder_naming_convention.tsx:1:1]
   ╰────
  help: Rename the folder so matched path segments follow the case style `KEBAB_CASE`.
